<div>
  <p>Sample Text</p>
  <p>Sample Description</p>
  <p>Sample own html</p>
</div>
